Traceback (most recent call last):
  File "/opt/hostedtoolcache/Python/3.13.14/x64/lib/python3.13/site-packages/jupyter_cache/executors/utils.py", line 58, in single_nb_execution
    executenb(
    ~~~~~~~~~^
        nb,
        ^^^
    ...<4 lines>...
        **kwargs,
        ^^^^^^^^^
    )
    ^
  File "/opt/hostedtoolcache/Python/3.13.14/x64/lib/python3.13/site-packages/nbclient/client.py", line 1323, in execute
    return NotebookClient(nb=nb, resources=resources, km=km, **kwargs).execute()
           ~~~~~~~~~~~~~~~~~~~~~~~~~~~~~~~~~~~~~~~~~~~~~~~~~~~~~~~~~~~~~~~~~~~^^
  File "/opt/hostedtoolcache/Python/3.13.14/x64/lib/python3.13/site-packages/jupyter_core/utils/__init__.py", line 165, in wrapped
    return loop.run_until_complete(inner)
           ~~~~~~~~~~~~~~~~~~~~~~~^^^^^^^
  File "/opt/hostedtoolcache/Python/3.13.14/x64/lib/python3.13/asyncio/base_events.py", line 725, in run_until_complete
    return future.result()
           ~~~~~~~~~~~~~^^
  File "/opt/hostedtoolcache/Python/3.13.14/x64/lib/python3.13/site-packages/nbclient/client.py", line 709, in async_execute
    await self.async_execute_cell(
        cell, index, execution_count=self.code_cells_executed + 1
    )
  File "/opt/hostedtoolcache/Python/3.13.14/x64/lib/python3.13/site-packages/nbclient/client.py", line 1062, in async_execute_cell
    await self._check_raise_for_error(cell, cell_index, exec_reply)
  File "/opt/hostedtoolcache/Python/3.13.14/x64/lib/python3.13/site-packages/nbclient/client.py", line 918, in _check_raise_for_error
    raise CellExecutionError.from_cell_and_msg(cell, exec_reply_content)
nbclient.exceptions.CellExecutionError: An error occurred while executing the following cell:
------------------
from pathlib import Path

import numpy as np

TEST_FILES = Path("../../../tests/test_files")

from pymatgen.analysis.defects.finder import DefectSiteFinder
from pymatgen.core.structure import Structure

base_struct = Structure.from_file(TEST_FILES / "v_N_GaN/bulk/CONTCAR.gz")
finder = DefectSiteFinder()

for q in range(-1, 3):
    fname = f"{TEST_FILES!s}/v_N_GaN/q={q}/CONTCAR.gz"
    struct = Structure.from_file(fname)
    fpos = finder.get_defect_fpos(defect_structure=struct, base_structure=base_struct)
    fpos -= np.round(fpos)
    print(fpos)
------------------


[31m---------------------------------------------------------------------------[39m
[31mImportError[39m                               Traceback (most recent call last)
[36mCell[39m[36m [39m[32mIn[1][39m[32m, line 11[39m
[32m      7[39m [38;5;28;01mfrom[39;00m pymatgen.analysis.defects.finder [38;5;28;01mimport[39;00m DefectSiteFinder
[32m      8[39m [38;5;28;01mfrom[39;00m pymatgen.core.structure [38;5;28;01mimport[39;00m Structure
[32m      9[39m 
[32m     10[39m base_struct = Structure.from_file(TEST_FILES / [33m"v_N_GaN/bulk/CONTCAR.gz"[39m)
[32m---> [39m[32m11[39m finder = DefectSiteFinder()
[32m     12[39m 
[32m     13[39m [38;5;28;01mfor[39;00m q [38;5;28;01min[39;00m range(-[32m1[39m, [32m3[39m):
[32m     14[39m     fname = f"{TEST_FILES!s}/v_N_GaN/q={q}/CONTCAR.gz"

[36mFile [39m[32m~/work/pymatgen-analysis-defects/pymatgen-analysis-defects/pymatgen/analysis/defects/finder.py:61[39m, in [36mDefectSiteFinder.__init__[39m[34m(self, symprec, angle_tolerance)[39m
[32m     59[39m [38;5;28;01mif[39;00m SOAP [38;5;129;01mis[39;00m [38;5;28;01mNone[39;00m:
[32m     60[39m     msg = [33m"[39m[33mdscribe is required to use DefectSiteFinder. Install with ``pip install dscribe``.[39m[33m"[39m
[32m---> [39m[32m61[39m     [38;5;28;01mraise[39;00m [38;5;167;01mImportError[39;00m(
[32m     62[39m         msg,
[32m     63[39m     )
[32m     64[39m [38;5;28mself[39m.symprec = symprec
[32m     65[39m [38;5;28mself[39m.angle_tolerance = angle_tolerance

[31mImportError[39m: dscribe is required to use DefectSiteFinder. Install with ``pip install dscribe``.

