Traceback (most recent call last):
  File "/opt/hostedtoolcache/Python/3.13.14/x64/lib/python3.13/site-packages/jupyter_cache/executors/utils.py", line 58, in single_nb_execution
    executenb(
    ~~~~~~~~~^
        nb,
        ^^^
    ...<4 lines>...
        **kwargs,
        ^^^^^^^^^
    )
    ^
  File "/opt/hostedtoolcache/Python/3.13.14/x64/lib/python3.13/site-packages/nbclient/client.py", line 1323, in execute
    return NotebookClient(nb=nb, resources=resources, km=km, **kwargs).execute()
           ~~~~~~~~~~~~~~~~~~~~~~~~~~~~~~~~~~~~~~~~~~~~~~~~~~~~~~~~~~~~~~~~~~~^^
  File "/opt/hostedtoolcache/Python/3.13.14/x64/lib/python3.13/site-packages/jupyter_core/utils/__init__.py", line 165, in wrapped
    return loop.run_until_complete(inner)
           ~~~~~~~~~~~~~~~~~~~~~~~^^^^^^^
  File "/opt/hostedtoolcache/Python/3.13.14/x64/lib/python3.13/asyncio/base_events.py", line 725, in run_until_complete
    return future.result()
           ~~~~~~~~~~~~~^^
  File "/opt/hostedtoolcache/Python/3.13.14/x64/lib/python3.13/site-packages/nbclient/client.py", line 709, in async_execute
    await self.async_execute_cell(
        cell, index, execution_count=self.code_cells_executed + 1
    )
  File "/opt/hostedtoolcache/Python/3.13.14/x64/lib/python3.13/site-packages/nbclient/client.py", line 1062, in async_execute_cell
    await self._check_raise_for_error(cell, cell_index, exec_reply)
  File "/opt/hostedtoolcache/Python/3.13.14/x64/lib/python3.13/site-packages/nbclient/client.py", line 918, in _check_raise_for_error
    raise CellExecutionError.from_cell_and_msg(cell, exec_reply_content)
nbclient.exceptions.CellExecutionError: An error occurred while executing the following cell:
------------------
import warnings

from monty.serialization import loadfn
from pymatgen.analysis.defects.thermo import FormationEnergyDiagram

warnings.filterwarnings("ignore")

from pathlib import Path

from pymatgen.analysis.defects.core import Substitution
from pymatgen.core import PeriodicSite, Species, Structure

TEST_FILES = Path("../../../tests/test_files")

gan_struct = Structure.from_file(TEST_FILES / "GaN.vasp")
# make a substitution site
ga_site = gan_struct[0]
mg_site = PeriodicSite(
    species=Species("Mg"), coords=ga_site.frac_coords, lattice=gan_struct.lattice
)
# instantiate the defect object
mg_ga = Substitution(structure=gan_struct, site=mg_site)

sc_dir = TEST_FILES / "Mg_Ga"
# ents = MPRester().get_entries_in_chemsys("Mg-Ga-N") # Query from MPRester
ents = loadfn(TEST_FILES / "Ga_Mg_N.json")  # Load from local
fed = FormationEnergyDiagram.with_directories(
    directory_map={
        "bulk": sc_dir / "bulk_sc",
        0: sc_dir / "q=0",
        -1: sc_dir / "q=-1",
        1: sc_dir / "q=1",
    },
    defect=mg_ga,
    pd_entries=ents,
    dielectric=10,
)
------------------


[31m---------------------------------------------------------------------------[39m
[31mImportError[39m                               Traceback (most recent call last)
[36mCell[39m[36m [39m[32mIn[1][39m[32m, line 27[39m
[32m     23[39m 
[32m     24[39m sc_dir = TEST_FILES / [33m"Mg_Ga"[39m
[32m     25[39m [38;5;66;03m# ents = MPRester().get_entries_in_chemsys("Mg-Ga-N") # Query from MPRester[39;00m
[32m     26[39m ents = loadfn(TEST_FILES / [33m"Ga_Mg_N.json"[39m)  [38;5;66;03m# Load from local[39;00m
[32m---> [39m[32m27[39m fed = FormationEnergyDiagram.with_directories(
[32m     28[39m     directory_map={
[32m     29[39m         [33m"bulk"[39m: sc_dir / [33m"bulk_sc"[39m,
[32m     30[39m         [32m0[39m: sc_dir / [33m"q=0"[39m,

[36mFile [39m[32m~/work/pymatgen-analysis-defects/pymatgen-analysis-defects/pymatgen/analysis/defects/thermo.py:450[39m, in [36mFormationEnergyDiagram.with_directories[39m[34m(cls, directory_map, defect, pd_entries, dielectric, vbm, **kwargs)[39m
[32m    443[39m     q_entry, q_locpot = _read_dir(q_dir)
[32m    444[39m     q_d_entry = DefectEntry(
[32m    445[39m         defect=defect,
[32m    446[39m         charge_state=[38;5;28mint[39m(qq),
[32m    447[39m         sc_entry=q_entry,
[32m    448[39m     )
[32m--> [39m[32m450[39m     [30;43mq_d_entry[39;49m[30;43m.[39;49m[30;43mget_freysoldt_correction[39;49m[30;43m([39;49m
[32m    451[39m [30;43m        [39;49m[30;43mdefect_locpot[39;49m[30;43m=[39;49m[30;43mq_locpot[39;49m[30;43m,[39;49m
[32m    452[39m [30;43m        [39;49m[30;43mbulk_locpot[39;49m[30;43m=[39;49m[30;43mbulk_locpot[39;49m[30;43m,[39;49m
[32m    453[39m [30;43m        [39;49m[30;43mdielectric[39;49m[30;43m=[39;49m[30;43mdielectric[39;49m[30;43m,[39;49m
[32m    454[39m [30;43m    [39;49m[30;43m)[39;49m
[32m    455[39m     def_entries.append(q_d_entry)
[32m    456[39m [38;5;28;01mif[39;00m vbm [38;5;129;01mis[39;00m [38;5;28;01mNone[39;00m:

[36mFile [39m[32m~/work/pymatgen-analysis-defects/pymatgen-analysis-defects/pymatgen/analysis/defects/thermo.py:148[39m, in [36mDefectEntry.get_freysoldt_correction[39m[34m(self, defect_locpot, bulk_locpot, dielectric, defect_struct, bulk_struct, **kwargs)[39m
[32m    143[39m     [38;5;28;01mraise[39;00m [38;5;167;01mValueError[39;00m(
[32m    144[39m         msg,
[32m    145[39m     )
[32m    147[39m [38;5;28;01mif[39;00m [38;5;28mself[39m.sc_defect_frac_coords [38;5;129;01mis[39;00m [38;5;28;01mNone[39;00m:
[32m--> [39m[32m148[39m     finder = [30;43mDefectSiteFinder[39;49m[30;43m([39;49m[30;43m)[39;49m
[32m    149[39m     defect_fpos = finder.get_defect_fpos(
[32m    150[39m         defect_structure=defect_struct,
[32m    151[39m         base_structure=bulk_struct,
[32m    152[39m     )
[32m    153[39m     [38;5;28mself[39m.sc_defect_frac_coords = defect_fpos

[36mFile [39m[32m~/work/pymatgen-analysis-defects/pymatgen-analysis-defects/pymatgen/analysis/defects/finder.py:61[39m, in [36mDefectSiteFinder.__init__[39m[34m(self, symprec, angle_tolerance)[39m
[32m     59[39m [38;5;28;01mif[39;00m SOAP [38;5;129;01mis[39;00m [38;5;28;01mNone[39;00m:
[32m     60[39m     msg = [33m"[39m[33mdscribe is required to use DefectSiteFinder. Install with ``pip install dscribe``.[39m[33m"[39m
[32m---> [39m[32m61[39m     [38;5;28;01mraise[39;00m [38;5;167;01mImportError[39;00m(
[32m     62[39m         msg,
[32m     63[39m     )
[32m     64[39m [38;5;28mself[39m.symprec = symprec
[32m     65[39m [38;5;28mself[39m.angle_tolerance = angle_tolerance

[31mImportError[39m: dscribe is required to use DefectSiteFinder. Install with ``pip install dscribe``.

