Traceback (most recent call last):
  File "/opt/hostedtoolcache/Python/3.13.14/x64/lib/python3.13/site-packages/jupyter_cache/executors/utils.py", line 58, in single_nb_execution
    executenb(
    ~~~~~~~~~^
        nb,
        ^^^
    ...<4 lines>...
        **kwargs,
        ^^^^^^^^^
    )
    ^
  File "/opt/hostedtoolcache/Python/3.13.14/x64/lib/python3.13/site-packages/nbclient/client.py", line 1323, in execute
    return NotebookClient(nb=nb, resources=resources, km=km, **kwargs).execute()
           ~~~~~~~~~~~~~~~~~~~~~~~~~~~~~~~~~~~~~~~~~~~~~~~~~~~~~~~~~~~~~~~~~~~^^
  File "/opt/hostedtoolcache/Python/3.13.14/x64/lib/python3.13/site-packages/jupyter_core/utils/__init__.py", line 165, in wrapped
    return loop.run_until_complete(inner)
           ~~~~~~~~~~~~~~~~~~~~~~~^^^^^^^
  File "/opt/hostedtoolcache/Python/3.13.14/x64/lib/python3.13/asyncio/base_events.py", line 725, in run_until_complete
    return future.result()
           ~~~~~~~~~~~~~^^
  File "/opt/hostedtoolcache/Python/3.13.14/x64/lib/python3.13/site-packages/nbclient/client.py", line 709, in async_execute
    await self.async_execute_cell(
        cell, index, execution_count=self.code_cells_executed + 1
    )
  File "/opt/hostedtoolcache/Python/3.13.14/x64/lib/python3.13/site-packages/nbclient/client.py", line 1062, in async_execute_cell
    await self._check_raise_for_error(cell, cell_index, exec_reply)
  File "/opt/hostedtoolcache/Python/3.13.14/x64/lib/python3.13/site-packages/nbclient/client.py", line 918, in _check_raise_for_error
    raise CellExecutionError.from_cell_and_msg(cell, exec_reply_content)
nbclient.exceptions.CellExecutionError: An error occurred while executing the following cell:
------------------
finder = DefectSiteFinder()
bulk_locpot = Locpot.from_file(DEFECT_DIR / "bulk/LOCPOT.gz")
freysoldt_results = dict()
for q in range(-1, 3):
    folder = DEFECT_DIR / f"q={q}"
    defect_locpot = Locpot.from_file(folder / "LOCPOT.gz")
    center = finder.get_defect_fpos(
        defect_structure=defect_locpot.structure, base_structure=bulk_locpot.structure
    )
    center -= np.round(center)
    print(f"Computing Freysoldt Correction for: q={q}")
    print(f"center={center}")
    freysoldt_results[q] = get_freysoldt_correction(
        q=q,
        dielectric=5,
        bulk_locpot=bulk_locpot,
        defect_locpot=defect_locpot,
        defect_frac_coords=center,
    )
    align = np.mean(list(freysoldt_results[q].metadata["alignments"].values()))
    print(f"alignment correction: {align}")
------------------


[31m---------------------------------------------------------------------------[39m
[31mImportError[39m                               Traceback (most recent call last)
[36mCell[39m[36m [39m[32mIn[2][39m[32m, line 1[39m
[32m----> [39m[32m1[39m finder = DefectSiteFinder()
[32m      2[39m bulk_locpot = Locpot.from_file(DEFECT_DIR / [33m"bulk/LOCPOT.gz"[39m)
[32m      3[39m freysoldt_results = dict()
[32m      4[39m [38;5;28;01mfor[39;00m q [38;5;28;01min[39;00m range(-[32m1[39m, [32m3[39m):

[36mFile [39m[32m~/work/pymatgen-analysis-defects/pymatgen-analysis-defects/pymatgen/analysis/defects/finder.py:61[39m, in [36mDefectSiteFinder.__init__[39m[34m(self, symprec, angle_tolerance)[39m
[32m     59[39m [38;5;28;01mif[39;00m SOAP [38;5;129;01mis[39;00m [38;5;28;01mNone[39;00m:
[32m     60[39m     msg = [33m"[39m[33mdscribe is required to use DefectSiteFinder. Install with ``pip install dscribe``.[39m[33m"[39m
[32m---> [39m[32m61[39m     [38;5;28;01mraise[39;00m [38;5;167;01mImportError[39;00m(
[32m     62[39m         msg,
[32m     63[39m     )
[32m     64[39m [38;5;28mself[39m.symprec = symprec
[32m     65[39m [38;5;28mself[39m.angle_tolerance = angle_tolerance

[31mImportError[39m: dscribe is required to use DefectSiteFinder. Install with ``pip install dscribe``.

